
Hexadecimal

Area                               Addr   Size   Decimal Bytes (Attributes)
--------------------------------   ----   ----   ------- ----- ------------
CABS                               0000   0000 =      0. bytes (ABS,CON,CODE)

      Value  Global
   --------  --------------------------------
  0C:0000    l_CABS
  0C:0000    l_GSINIT1
  0C:0000    l_GSINIT3
  0C:0000    l_GSINIT5
  0C:0000    l_IABS
  0C:0000    l_ISEG
  0C:0000    l_PSEG
  0C:0000    l_REG_BANK_1
  0C:0000    l_REG_BANK_2
  0C:0000    l_REG_BANK_3
  0C:0000    l_RSEG
  0C:0000    l_XABS
  0C:0000    l_XINIT
  0C:0000    l_XISEG
  0C:0000    l__CODE
  0C:0000    s_BSEG
  0C:0000    s_CABS
  0C:0000    s_CSEG
  0C:0000    s_DSEG
  0C:0000    s_IABS
  0C:0000    s_ISEG
  0C:0000    s_REG_BANK_0
  0C:0000    s_XABS
  0C:0001    l_BIT_BANK
  0C:0001    l_BSEG_BYTES
  0C:0003    l_GSFINAL
  0C:0003    l_GSINIT0
  0C:0004    l_BSEG
  0C:0004    l_OSEG
  0C:0006    l_GSINIT4
  0C:0008    l_HOME
  0C:0008    l_REG_BANK_0
  0C:0008    s_REG_BANK_1
  0C:000A    l_GSINIT2
  0C:000F    l_XSEG
  0C:0010    s_REG_BANK_2
  0C:0018    s_REG_BANK_3
  0C:001B    s_OSEG
  0C:0020    s_BSEG_BYTES
  0C:0020    s__CODE
  0C:0021    s_BIT_BANK
  0C:002C    l_GSINIT
  0C:003A    s_RSEG
  0C:003A    s_SSEG
  0C:007F    l_DSEG
  0C:00AB    l_CONST
  0C:00C6    l_SSEG
  0C:0100    l_IRAM
  0C:013A    l_USBDESCSEG
  0C:120B    l_CSEG
  0C:120B    s_GSINIT
  0C:1237    s_HOME
  0C:123F    s_GSINIT0
  0C:1242    s_GSINIT1
  0C:1242    s_GSINIT2
  0C:124C    s_GSINIT3
  0C:124C    s_GSINIT4
  0C:1252    s_GSFINAL
  0C:1252    s_GSINIT5
  0C:1255    s_CONST
  0C:1300    s_XINIT
  0C:1800    s_PSEG
  0C:1800    s_XSEG
  0C:E000    s_USBDESCSEG
  0C:E13A    s_XISEG



Hexadecimal

Area                               Addr   Size   Decimal Bytes (Attributes)
--------------------------------   ----   ----   ------- ----- ------------
.  .ABS.                           0000   0000 =      0. bytes (ABS,CON)

      Value  Global
   --------  --------------------------------
     0080    _IOA
     0080    _bitS_CLK
     0081    _SP
     0081    _bitS_OUT
     0082    _DPL
     0082    _bitS_IN
     0083    _DPH
     0084    _DPL1
     0085    _DPH1
     0086    _DPS
     0086    _SEL
     0087    _PCON
     0088    _IT0
     0088    _TCON
     0089    _IE0
     0089    _TMOD
     008A    _IT1
     008A    _TL0
     008B    _IE1
     008B    _TL1
     008C    _TH0
     008C    _TR0
     008D    _TF0
     008D    _TH1
     008E    _CKCON
     008E    _TR1
     008F    _TF1
     0090    _IOB
     0091    _EXIF
     0092    _MPAGE
     0098    _RI
     0098    _SCON0
     0099    _SBUF0
     0099    _TI
     009A    _APTR1H
     009A    _RB8
     009B    _APTR1L
     009B    _TB8
     009C    _AUTODAT1
     009C    _REN
     009D    _AUTOPTRH2
     009D    _SM2
     009E    _AUTOPTRL2
     009E    _SM1
     009F    _AUTODAT2
     009F    _SM0
     00A0    _IOC
     00A1    _INT2CLR
     00A1    _bitALTERA_DATA0
     00A2    _INT4CLR
     00A3    _bitALTERA_DCLK
     00A8    _EX0
     00A8    _IE
     00A9    _ET0
     00AA    _EP2468STAT
     00AA    _EX1
     00AB    _EP24FIFOFLGS
     00AB    _ET1
     00AC    _EP68FIFOFLGS
     00AC    _ES0
     00AD    _ET2
     00AE    _ES1
     00AF    _AUTOPTRSETUP
     00AF    _EA
     00B0    _IOD
     00B1    _IOE
     00B2    _OEA
     00B3    _OEB
     00B4    _OEC
     00B5    _OED
     00B6    _OEE
     00B8    _IP
     00B8    _PX0
     00B9    _PT0
     00BA    _EP01STAT
     00BA    _PX1
     00BB    _GPIFTRIG
     00BB    _PT1
     00BC    _PS0
     00BD    _GPIFSGLDATH
     00BD    _PT2
     00BE    _GPIFSGLDATLX
     00BE    _PS1
     00BF    _GPIFSGLDATLNOX
     00C0    _RI1
     00C0    _SCON1
     00C1    _SBUF1
     00C1    _TI1
     00C2    _RB81
     00C3    _TB81
     00C4    _REN1
     00C5    _SM21
     00C6    _SM11
     00C7    _SM01
     00C8    _CP_RL2
     00C8    _T2CON
     00C9    _C_T2
     00CA    _RCAP2L
     00CA    _TR2
     00CB    _EXEN2
     00CB    _RCAP2H
     00CC    _TCLK
     00CC    _TL2
     00CD    _RCLK
     00CD    _TH2
     00CE    _EXF2
     00CF    _TF2
     00D0    _P
     00D0    _PSW
     00D1    _FL
     00D2    _OV
     00D3    _RS0
     00D4    _RS1
     00D5    _F0
     00D6    _AC
     00D7    _CY
     00D8    _EICON
     00DB    _INT6
     00DC    _RESI
     00DD    _ERESI
     00DF    _SMOD1
     00E0    _ACC
     00E8    _EIE
     00E8    _EIUSB
     00E9    _EI2C
     00EA    _EIEX4
     00EB    _EIEX5
     00EC    _EIEX6
     00F0    _B
     00F5    _B_5
     00F6    _B_6
     00F7    _B_7
     00F8    _EIP
     00F8    _PUSB
     00F9    _PI2C
     00FA    _EIPX4
     00FB    _EIPX5
     00FC    _EIPX6
     E1F0    _hash1
     E400    _GPIF_WAVE_DATA
     E480    _RES_WAVEDATA_END
     E600    _CPUCS
     E601    _IFCONFIG
     E602    _PINFLAGSAB
     E603    _PINFLAGSCD
     E604    _FIFORESET
     E605    _BREAKPT
     E606    _BPADDRH
     E607    _BPADDRL
     E608    _UART230
     E609    _FIFOPINPOLAR
     E60A    _REVID
     E60B    _REVCTL
     E60C    _GPIFHOLDAMOUNT
     E610    _EP1OUTCFG
     E611    _EP1INCFG
     E612    _EP2CFG
     E613    _EP4CFG
     E614    _EP6CFG
     E615    _EP8CFG
     E618    _EP2FIFOCFG
     E619    _EP4FIFOCFG
     E61A    _EP6FIFOCFG
     E61B    _EP8FIFOCFG
     E620    _EP2AUTOINLENH
     E621    _EP2AUTOINLENL
     E622    _EP4AUTOINLENH
     E623    _EP4AUTOINLENL
     E624    _EP6AUTOINLENH
     E625    _EP6AUTOINLENL
     E626    _EP8AUTOINLENH
     E627    _EP8AUTOINLENL
     E630    _EP2FIFOPFH
     E631    _EP2FIFOPFL
     E632    _EP4FIFOPFH
     E633    _EP4FIFOPFL
     E634    _EP6FIFOPFH
     E635    _EP6FIFOPFL
     E636    _EP8FIFOPFH
     E637    _EP8FIFOPFL
     E640    _EP2ISOINPKTS
     E641    _EP4ISOINPKTS
     E642    _EP6ISOINPKTS
     E643    _EP8ISOINPKTS
     E648    _INPKTEND
     E649    _OUTPKTEND
     E650    _EP2FIFOIE
     E651    _EP2FIFOIRQ
     E652    _EP4FIFOIE
     E653    _EP4FIFOIRQ
     E654    _EP6FIFOIE
     E655    _EP6FIFOIRQ
     E656    _EP8FIFOIE
     E657    _EP8FIFOIRQ
     E658    _IBNIE
     E659    _IBNIRQ
     E65A    _NAKIE
     E65B    _NAKIRQ
     E65C    _USBIE
     E65D    _USBIRQ
     E65E    _EPIE
     E65F    _EPIRQ
     E660    _GPIFIE
     E661    _GPIFIRQ
     E662    _USBERRIE
     E663    _USBERRIRQ
     E664    _ERRCNTLIM
     E665    _CLRERRCNT
     E666    _INT2IVEC
     E667    _INT4IVEC
     E668    _INTSETUP
     E670    _PORTACFG
     E671    _PORTCCFG
     E672    _PORTECFG
     E678    _I2CS
     E679    _I2DAT
     E67A    _I2CTL
     E67B    _XAUTODAT1
     E67C    _XAUTODAT2
     E67D    _UDMACRCH
     E67E    _UDMACRCL
     E67F    _UDMACRCQUAL
     E680    _USBCS
     E681    _SUSPEND
     E682    _WAKEUPCS
     E683    _TOGCTL
     E684    _USBFRAMEH
     E685    _USBFRAMEL
     E686    _MICROFRAME
     E687    _FNADDR
     E68A    _EP0BCH
     E68B    _EP0BCL
     E68D    _EP1OUTBC
     E68F    _EP1INBC
     E690    _EP2BCH
     E691    _EP2BCL
     E694    _EP4BCH
     E695    _EP4BCL
     E698    _EP6BCH
     E699    _EP6BCL
     E69C    _EP8BCH
     E69D    _EP8BCL
     E6A0    _EP0CS
     E6A1    _EP1OUTCS
     E6A2    _EP1INCS
     E6A3    _EP2CS
     E6A4    _EP4CS
     E6A5    _EP6CS
     E6A6    _EP8CS
     E6A7    _EP2FIFOFLGS
     E6A8    _EP4FIFOFLGS
     E6A9    _EP6FIFOFLGS
     E6AA    _EP8FIFOFLGS
     E6AB    _EP2FIFOBCH
     E6AC    _EP2FIFOBCL
     E6AD    _EP4FIFOBCH
     E6AE    _EP4FIFOBCL
     E6AF    _EP6FIFOBCH
     E6B0    _EP6FIFOBCL
     E6B1    _EP8FIFOBCH
     E6B2    _EP8FIFOBCL
     E6B3    _SUDPTRH
     E6B4    _SUDPTRL
     E6B5    _SUDPTRCTL
     E6B8    _SETUPDAT
     E6C0    _GPIFWFSELECT
     E6C1    _GPIFIDLECS
     E6C2    _GPIFIDLECTL
     E6C3    _GPIFCTLCFG
     E6C4    _GPIFADRH
     E6C5    _GPIFADRL
     E6C6    _FLOWSTATE
     E6C7    _FLOWLOGIC
     E6C8    _FLOWEQ0CTL
     E6C9    _FLOWEQ1CTL
     E6CA    _FLOWHOLDOFF
     E6CB    _FLOWSTB
     E6CC    _FLOWSTBEDGE
     E6CD    _FLOWSTBHPERIOD
     E6CE    _GPIFTCB3
     E6CF    _GPIFTCB2
     E6D0    _GPIFTCB1
     E6D1    _GPIFTCB0
     E6D2    _EP2GPIFFLGSEL
     E6D3    _EP2GPIFPFSTOP
     E6D4    _EP2GPIFTRIG
     E6DA    _EP4GPIFFLGSEL
     E6DB    _EP4GPIFPFSTOP
     E6DC    _EP4GPIFTRIG
     E6E2    _EP6GPIFFLGSEL
     E6E3    _EP6GPIFPFSTOP
     E6E4    _EP6GPIFTRIG
     E6EA    _EP8GPIFFLGSEL
     E6EB    _EP8GPIFPFSTOP
     E6EC    _EP8GPIFTRIG
     E6F0    _XGPIFSGLDATH
     E6F1    _XGPIFSGLDATLX
     E6F2    _XGPIFSGLDATLNOX
     E6F3    _GPIFREADYCFG
     E6F4    _GPIFREADYSTAT
     E6F5    _GPIFABORT
     E6F8    _DBUG
     E6F9    _TESTCFG
     E6FA    _USBTEST
     E6FB    _CT1
     E6FC    _CT2
     E6FD    _CT3
     E6FE    _CT4
     E740    _EP0BUF
     E780    _EP1OUTBUF
     E7C0    _EP1INBUF
     F000    _EP2FIFOBUF
     F400    _EP4FIFOBUF
     F800    _EP6FIFOBUF
     FC00    _EP8FIFOBUF







Hexadecimal

Area                               Addr   Size   Decimal Bits  (Attributes)
--------------------------------   ----   ----   ------- ----- ------------
BSEG                               0000   0004 =      4. bits  (REL,CON,BIT)

      Value  Global
   --------  --------------------------------
  0B:0000    __usb_got_SUDAV


Hexadecimal

Area                               Addr   Size   Decimal Bytes (Attributes)
--------------------------------   ----   ----   ------- ----- ------------
DSEG                               0000   007F =    127. bytes (REL,CON)

      Value  Global
   --------  --------------------------------
     0008    _g_tx_enable
     0009    _g_rx_enable
     000A    _g_rx_overrun
     000B    _g_tx_underrun
     000D    _write_9862_PARM_2
     000E    _write_9862_PARM_3
     000F    _write_both_9862s_PARM_2
     0010    _clock_out_bytes_PARM_2
     0012    _fpga_load_xfer_PARM_2
     0013    _g_tx_reset
     0014    _g_rx_reset
     0015    _fpga_write_reg_PARM_2
     0017    _eeprom_read_PARM_2
     0018    _eeprom_read_PARM_3
     001A    _eeprom_read_PARM_4
     0022    _spi_read_PARM_2
     0023    _spi_read_PARM_3
     0024    _spi_read_PARM_4
     0025    _spi_read_PARM_5
     0027    _spi_read_PARM_6
     0028    _spi_write_PARM_2
     0029    _spi_write_PARM_3
     002A    _spi_write_PARM_4
     002B    _spi_write_PARM_5
     002D    _spi_write_PARM_6
     002E    _write_bytes_msb_PARM_2
     002F    _read_bytes_msb_PARM_2
     0030    __usb_config
     0031    __usb_alt_setting
     0032    _current_device_descr
     0034    _current_devqual_descr
     0036    _current_config_descr
     0038    _other_config_descr

Hexadecimal

Area                               Addr   Size   Decimal Bytes (Attributes)
--------------------------------   ----   ----   ------- ----- ------------
OSEG                               001B   0004 =      4. bytes (REL,OVR)

      Value  Global
   --------  --------------------------------
     001B    __gptrput_PARM_2
     001B    _hook_fgv_PARM_2
     001B    _hook_sv_PARM_2
     001B    _hook_uv_PARM_2
     001B    _i2c_read_PARM_2
     001B    _i2c_write_PARM_2
     001B    _memset_PARM_2
     001B    _set_sleep_bits_PARM_2
     001C    _memset_PARM_3
     001D    _i2c_read_PARM_3
     001D    _i2c_write_PARM_3
     001E    _i2c_read_junk_1_1


Hexadecimal

Area                               Addr   Size   Decimal Bytes (Attributes)
--------------------------------   ----   ----   ------- ----- ------------
SSEG                               003A   00C6 =    198. bytes (REL,OVR)

      Value  Global
   --------  --------------------------------
     003A    __start__stack

Hexadecimal

Area                               Addr   Size   Decimal Bytes (Attributes)
--------------------------------   ----   ----   ------- ----- ------------
CSEG                               0000   120B =   4619. bytes (REL,CON,CODE)

      Value  Global
   --------  --------------------------------
  0C:0000    __reset_vector
  0C:0000    __standard_interrupt_vector
  0C:006B    __isr_nop
  0C:0080    __fifo_gpif_autovector
  0C:0100    __usb_autovector
  0C:018E    _app_vendor_cmd
  0C:0455    _isr_tick
  0C:0465    _patch_usb_descriptors
  0C:04CF    _main
  0C:051A    _init_usrp
  0C:05BE    _set_led_0
  0C:05CB    _set_led_1
  0C:05D8    _toggle_led_0
  0C:05DC    _toggle_led_1
  0C:05E0    _la_trace_init
  0C:05E1    _set_sleep_bits
  0C:05E2    _write_9862
  0C:0614    _write_both_9862s
  0C:0651    _init_board
  0C:0660    _fpga_load_begin
  0C:06CF    _fpga_load_xfer
  0C:06DF    _fpga_load_end
  0C:06F7    _fpga_write_reg
  0C:0741    _fpga_set_reset
  0C:075C    _fpga_set_tx_enable
  0C:0777    _fpga_set_rx_enable
  0C:0792    _fpga_set_tx_reset
  0C:079C    _fpga_set_rx_reset
  0C:07A6    _init_gpif
  0C:0813    _init_spi
  0C:084C    _spi_read
  0C:08BA    _spi_write
  0C:09EA    _eeprom_read
  0C:0A19    __sdcc_external_startup
  0C:0A3B    _fx2_stall_ep0
  0C:0A43    _fx2_reset_data_toggle
  0C:0A5D    _fx2_renumerate
  0C:0A81    _i2c_read
  0C:0B41    _i2c_write
  0C:0BBA    _memset
  0C:0CA6    _usb_install_handlers
  0C:0CD4    _plausible_endpoint
  0C:0CF3    _epcs
  0C:0D3C    _usb_handle_setup_packet
  0C:1004    __gptrput
  0C:101D    _hook_sv
  0C:1080    _hook_uv
  0C:10D1    _hook_fgv
  0C:1122    _setup_autovectors
  0C:11CA    _hook_timer_tick
  0C:11E7    _udelay
  0C:11FA    _mdelay





Hexadecimal

Area                               Addr   Size   Decimal Bytes (Attributes)
--------------------------------   ----   ----   ------- ----- ------------
HOME                               1237   0008 =      8. bytes (REL,CON,CODE)

      Value  Global
   --------  --------------------------------
  0C:123A    __sdcc_program_startup

Hexadecimal

Area                               Addr   Size   Decimal Bytes (Attributes)
--------------------------------   ----   ----   ------- ----- ------------
GSINIT0                            123F   0003 =      3. bytes (REL,CON,CODE)

      Value  Global
   --------  --------------------------------
  0C:123F    __sdcc_gsinit_startup




Hexadecimal

Area                               Addr   Size   Decimal Bytes (Attributes)
--------------------------------   ----   ----   ------- ----- ------------
GSINIT4                            124C   0006 =      6. bytes (REL,CON,CODE)

      Value  Global
   --------  --------------------------------
  0C:124C    __mcs51_genRAMCLEAR



Hexadecimal

Area                               Addr   Size   Decimal Bytes (Attributes)
--------------------------------   ----   ----   ------- ----- ------------
CONST                              1255   00AB =    171. bytes (REL,CON,CODE)

      Value  Global
   --------  --------------------------------
  0C:1255    _WaveData
  0C:12D5    _FlowStates
  0C:12F9    _InitData

Hexadecimal

Area                               Addr   Size   Decimal Bytes (Attributes)
--------------------------------   ----   ----   ------- ----- ------------
USBDESCSEG                         E000   013A =    314. bytes (REL,CON,XDATA)

      Value  Global
   --------  --------------------------------
  0D:E000    _high_speed_device_descr
  0D:E00C    _usb_desc_hw_rev_binary_patch_location_0
  0D:E012    _high_speed_devqual_descr
  0D:E01C    _high_speed_config_descr
  0D:E04E    _full_speed_device_descr
  0D:E05A    _usb_desc_hw_rev_binary_patch_location_1
  0D:E060    _full_speed_devqual_descr
  0D:E06A    _full_speed_config_descr
  0D:E07C    _nstring_descriptors
  0D:E07D    _string_descriptors
  0D:E0CE    _usb_desc_hw_rev_ascii_patch_location_0
  0D:E12A    _usb_desc_serial_number_ascii


ASxxxx Linker V01.75 + NoICE + SDCC Feb 1999,  page 1.

Files Linked      [ module(s) ]

vectors.rel     
usrp_main.rel   
usrp_common.rel 
board_specific.rel
fpga_load.rel   
fpga_rev2.rel   
init_gpif.rel   
usrp_gpif.rel   
usb_descriptors.rel
spi.rel         
eeprom_io.rel   
_startup.rel    

Libraries Linked            [   object  file   ]

../../lib/libfx2.lib                [         fx2utils ]
c:\Dev\SDCC\bin\..\lib\small/mcs51.lib    [     crtclear.rel ]
../../lib/libfx2.lib                [              i2c ]
c:\Dev\SDCC\bin\..\lib\small/libsdcc.lib    [      _memset.rel ]
../../lib/libfx2.lib                [       usb_common ]
c:\Dev\SDCC\bin\..\lib\small/libsdcc.lib    [     _gptrput.rel ]
../../lib/libfx2.lib                [              isr ]
../../lib/libfx2.lib                [            timer ]
../../lib/libfx2.lib                [            delay ]
c:\Dev\SDCC\bin\..\lib\small/mcs51.lib    [     crtstart.rel ]

ASxxxx Linker V01.75 + NoICE + SDCC Feb 1999,  page 2.

User Base Address Definitions

HOME = 0x0000
XSEG = 0x1800
PSEG = 0x1800
ISEG = 0x0000
BSEG = 0x0000
USBDESCSEG = 0xE000

